I'm sorry, but errors were detected in your script. Please correct the
errors listed below, and try again.


File "game/scripts/characters/kuin/kuin.rpy", line 93: expected menuitem
    if kuinEnding == 1:
    ^

Ren'Py Version: Ren'Py 8.0.0.22062402
Fri Nov 11 00:09:05 2022
